
var _testmap = 
{
    "fDepth": 30,
    "fPlayerX": 1.9923274634704546,
    "fPlayerY": 2.616483560834619,
    "fPlayerA": 0.4500000000000009,
    "fPlayerH": 0,
    "startingSector": 1,
    "sprites": {},
    "lights":{
      "1": {
        "x": 10,
        "y": 7,
        "b": 0.1,
        "r": 7,
      },
      "2": {
        "x": 2,
        "y": 2,
        "b": 1,
        "r": 5,
      },
      "3": {
        "x": 10,
        "y": 2,
        "b": 2,
        "r": 1,
      },
    },
    "map": [{
        "id": false
    }, {
        "id": "sector1",
        "walls": [
            [0.75, 0.5, 0.75, 5.375, "#", 2, 2, 0, 0, 0],
            [0.75, 5.375, 5.75, 5.375, "#", 2, 2, 0, 0, 0],
            [5.75, 5.375, 11.25, 5.375, "#", 2, 2, 0, 0, 2],
            [11.25, 5.375, 11.25, 2.5, "#", 2, 2, 0, 0, 0],
            [11.25, 2.5, 10.375, 1.125, "#", 2, 2, 0, 0, 0],
            [10.375, 1.125, 8, 0.5, "#", 2, 2, 0, 0, 0],
            [8, 0.5, 0.75, 0.5, "#", 2, 2, 0, 0, 0]
        ],
        "floor": 0,
        "ceil": 2,
        "floorTex": "Y",
        "ceilTex": "U"
    }, {
        "id": "sector2",
        "walls": [
            [5.75, 5.375, 11.25, 5.375, "#", 2, 2, 0, 0, 1],
            [11.25, 5.375, 11.25, 8.5, "#", 2, 2, 0, 0, 0],
            [11.25, 8.5, 8.375, 8.5, "#", 2, 2, 0, 0, 0],
            [8.375, 8.5, 5.75, 5.375, "#", 2, 2, 0, 0, 0]
        ],
        "floor": 0,
        "ceil": 2,
        "floorTex": "Y",
        "ceilTex": "U"
    }]
}