var _testmap = 
{
  "fDepth": 30,
  "fPlayerX": 7.086359963005826,
  "fPlayerY": 4.137805609581562,
  "fPlayerA": 3.733185307179596,
  "fPlayerH": 0,
  "startingSector": 1,
  "sprites": {},
  "baseLight": 0.1,
  "lights":{
    "0": {
      "x": 1.5,
      "y": 1.5,
      "b": 0.25,
      "r": 12,
    },
    "1": {
      "x": 6,
      "y": 4,
      "b": 0.25,
      "r": 12,
    },
    "2": {
      "x": 9,
      "y": 9,
      "b": 2,
      "r": 1,
    },
  },
  "map": [
    {
      "id": false
    },
    {
      "id": "sector1",
      "walls": [
        [
          1.5,
          0.75,
          1.375,
          3.375,
          "$",
          2,
          2,
          0,
          0,
          0
        ],
        [
          1.375,
          3.375,
          5.125,
          3.375,
          "#",
          2,
          2,
          0,
          0,
          0
        ],
        [
          5.125,
          3.375,
          5.25,
          2,
          "#",
          2,
          2,
          0,
          0,
          2
        ],
        [
          5.25,
          2,
          5.125,
          0.75,
          "#",
          2,
          2,
          0,
          0,
          0
        ],
        [
          5.125,
          0.75,
          1.5,
          0.75,
          "$",
          2,
          2,
          0,
          0,
          0
        ]
      ],
      "floor": -0.6,
      "ceil": 2,
      "floorTex": "Y",
      "ceilTex": "U"
    },
    {
      "id": "sector2",
      "walls": [
        [
          5.25,
          2,
          8.5,
          4.5,
          "U",
          2,
          2,
          0,
          0,
          0
        ],
        [
          8.5,
          4.5,
          8.25,
          6.625,
          "#",
          2,
          2,
          0,
          0,
          3
        ],
        [
          8.25,
          6.625,
          5.125,
          3.375,
          "U",
          2,
          2,
          0,
          0,
          0
        ],
        [
          5.125,
          3.375,
          5.25,
          2,
          "#",
          2,
          2,
          0,
          0,
          1
        ]
      ],
      "floor": 0,
      "ceil": 1.4,
      "floorTex": "Y",
      "ceilTex": "U"
    },
    {
      "id": "sector3",
      "walls": [
        [
          8.5,
          4.5,
          10,
          3.125,
          "de2",
          2,
          2,
          0,
          0,
          0
        ],
        [
          10,
          3.125,
          12.375,
          3.375,
          "#",
          2,
          2,
          0,
          0,
          0
        ],
        [
          12.375,
          3.375,
          13.25,
          5.5,
          "de11",
          2,
          2,
          0,
          0,
          0
        ],
        [
          13.25,
          5.5,
          12.25,
          8.375,
          "de2",
          2,
          2,
          0,
          0,
          0
        ],
        [
          12.25,
          8.375,
          9.5,
          8.375,
          "#",
          2,
          2,
          0,
          0,
          0
        ],
        [
          9.5,
          8.375,
          8.25,
          6.625,
          "#",
          2,
          2,
          0,
          0,
          0
        ],
        [
          8.25,
          6.625,
          8.5,
          4.5,
          "#",
          2,
          2,
          0,
          0,
          2
        ]
      ],
      "floor": 0.3,
      "ceil": 8,
      "floorTex": "Y",
      "ceilTex": "U"
    }
  ]
}