var _testmap ={
    "fDepth": 30,
    "fPlayerX": 3,
    "fPlayerY": 7,
    "fPlayerA": 2.8,
    "fPlayerH": 0,
    "startingSector": 1,
    "sprites": {},
    "map": [
        {
            "id": false
        },
        {
            "id": "sector1",
            "walls": [
                [
                    1,
                    6,
                    8,
                    6,
                    "#",
                    2,
                    2,
                    "4"
                ],
                [
                    8,
                    6,
                    8,
                    8,
                    "#",
                    2,
                    2,
                    "2"
                ],
                [
                    8,
                    8,
                    1.25,
                    8,
                    "#",
                    2,
                    2,
                    0
                ],
                [
                    1.25,
                    8,
                    1,
                    6,
                    "#",
                    2,
                    2,
                    0
                ]
            ],
            "floor": 0,
            "ceil": 2,
            "floorTex": "Y",
            "ceilTex": "bg"
        },
        {
            "id": "sector2",
            "walls": [
                [
                    8,
                    6,
                    9.25,
                    4.5,
                    "#",
                    2,
                    2,
                    "5"
                ],
                [
                    9.25,
                    4.5,
                    11,
                    4.5,
                    "#",
                    2,
                    2,
                    "3"
                ],
                [
                    11,
                    4.5,
                    11,
                    8,
                    "#",
                    2,
                    2,
                    0
                ],
                [
                    11,
                    8,
                    8,
                    8,
                    "#",
                    2,
                    2,
                    0
                ],
                [
                    8,
                    8,
                    8,
                    6,
                    "#",
                    2,
                    2,
                    "1"
                ]
            ],
            "floor": 0,
            "ceil": 2,
            "floorTex": "Y",
            "ceilTex": "bg"
        },
        {
            "id": "sector3",
            "walls": [
                [
                    9.25,
                    4.5,
                    9.5,
                    0.25,
                    "#",
                    2,
                    2,
                    "6"
                ],
                [
                    9.5,
                    0.25,
                    11,
                    0.25,
                    "#",
                    2,
                    2,
                    0
                ],
                [
                    11,
                    0.25,
                    11,
                    4.5,
                    "#",
                    2,
                    2,
                    0
                ],
                [
                    11,
                    4.5,
                    9.25,
                    4.5,
                    "#",
                    2,
                    2,
                    "2"
                ]
            ],
            "floor": 0,
            "ceil": 2,
            "floorTex": "Y",
            "ceilTex": "bg"
        },
        {
            "id": "sector4",
            "walls": [
                [
                    1,
                    6,
                    1,
                    5,
                    "#",
                    2,
                    2,
                    0
                ],
                [
                    1,
                    5,
                    6,
                    5,
                    "#",
                    2,
                    2,
                    0
                ],
                [
                    6,
                    5,
                    7,
                    5,
                    "#",
                    2,
                    2,
                    "8"
                ],
                [
                    7,
                    5,
                    8,
                    6,
                    "#",
                    2,
                    2,
                    "5"
                ],
                [
                    8,
                    6,
                    1,
                    6,
                    "#",
                    2,
                    2,
                    "1"
                ]
            ],
            "floor": 0.3,
            "ceil": 2,
            "floorTex": "Y",
            "ceilTex": "bg"
        },
        {
            "id": "sector5",
            "walls": [
                [
                    7,
                    5,
                    8.5,
                    3.75,
                    "#",
                    2,
                    2,
                    "8"
                ],
                [
                    8.5,
                    3.75,
                    9.25,
                    4.5,
                    "#",
                    2,
                    2,
                    "6"
                ],
                [
                    9.25,
                    4.5,
                    8,
                    6,
                    "#",
                    2,
                    2,
                    "2"
                ],
                [
                    8,
                    6,
                    7,
                    5,
                    "#",
                    2,
                    2,
                    "4"
                ]
            ],
            "floor": 0.3,
            "ceil": 2,
            "floorTex": "Y",
            "ceilTex": "bg"
        },
        {
            "id": "sector6",
            "walls": [
                [
                    8.5,
                    3.75,
                    8.75,
                    0.25,
                    "#",
                    2,
                    2,
                    "7"
                ],
                [
                    8.75,
                    0.25,
                    9.5,
                    0.25,
                    "#",
                    2,
                    2,
                    0
                ],
                [
                    9.5,
                    0.25,
                    9.25,
                    4.5,
                    "#",
                    2,
                    2,
                    "3"
                ],
                [
                    9.25,
                    4.5,
                    8.5,
                    3.75,
                    "#",
                    2,
                    2,
                    "5"
                ]
            ],
            "floor": 0.3,
            "ceil": 2,
            "floorTex": "Y",
            "ceilTex": "bg"
        },
        {
            "id": "sector7",
            "walls": [
                [
                    8.75,
                    0.25,
                    7,
                    0.25,
                    "#",
                    2,
                    2,
                    0
                ],
                [
                    7,
                    0.25,
                    7,
                    3,
                    "#",
                    2,
                    2,
                    0
                ],
                [
                    7,
                    3,
                    8.5,
                    3.75,
                    "#",
                    2,
                    2,
                    "8"
                ],
                [
                    8.5,
                    3.75,
                    8.75,
                    0.25,
                    "#",
                    2,
                    2,
                    "6"
                ]
            ],
            "floor": 0.4,
            "ceil": 2,
            "floorTex": "Y",
            "ceilTex": "bg"
        },
        {
            "id": "sector8",
            "walls": [
                [
                    7,
                    3,
                    6,
                    3,
                    "#",
                    2,
                    2,
                    0
                ],
                [
                    6,
                    3,
                    6,
                    5,
                    "#",
                    2,
                    2,
                    0
                ],
                [
                    6,
                    5,
                    7,
                    5,
                    "#",
                    2,
                    2,
                    "4"
                ],
                [
                    7,
                    5,
                    8.5,
                    3.75,
                    "#",
                    2,
                    2,
                    "5"
                ],
                [
                    8.5,
                    3.75,
                    7,
                    3,
                    "#",
                    2,
                    2,
                    "7"
                ]
            ],
            "floor": 0.4,
            "ceil": 2,
            "floorTex": "Y",
            "ceilTex": "bg"
        },
        {
            "id": "sector9",
            "walls": [
                [
                    1,
                    5,
                    6,
                    5,
                    "#",
                    2,
                    2,
                    0
                ],
                [
                    6,
                    5,
                    6,
                    3,
                    "#",
                    2,
                    2,
                    0
                ],
                [
                    6,
                    3,
                    7,
                    3,
                    "#",
                    2,
                    2,
                    0
                ],
                [
                    7,
                    3,
                    7,
                    0.25,
                    "#",
                    2,
                    2,
                    0
                ],
                [
                    7,
                    0.25,
                    1,
                    5,
                    "#",
                    2,
                    2,
                    0
                ]
            ],
            "floor": 0,
            "ceil": 2,
            "floorTex": "Y",
            "ceilTex": "U"
        }
    ]
}