var _testmap = {
  "fDepth": 30,
  "fPlayerX": 7.5,
  "fPlayerY": 3.2,
  "fPlayerA": 2.8,
  "fPlayerH": 0,
  "startingSector": 3,
  "sprites": {},
  "map": [
      {
          "id": false
      },
      {
          "id": "sector1",
          "walls": [
              [
                  2,
                  4,
                  7,
                  4,
                  "#",
                  2,
                  2,
                  4
              ],
              [
                  7,
                  4,
                  7,
                  5,
                  "#",
                  2,
                  2,
                  3
              ],
              [
                  7,
                  5,
                  2,
                  5,
                  "#",
                  2,
                  2,
                  false
              ],
              [
                  2,
                  5,
                  2,
                  4,
                  "#",
                  2,
                  2,
                  false
              ]
          ],
          "floor": 1,
          "ceil": 2,
          "floorTex": "#",
          "ceilTex": "Y"
      },
      {
          "id": "sector2",
          "walls": [
              [
                  7,
                  4,
                  8.5,
                  2.75,
                  "#",
                  2,
                  2,
                  4
              ],
              [
                  8.5,
                  2.75,
                  8.75,
                  2,
                  "#",
                  2,
                  2,
                  false
              ],
              [
                  8.75,
                  2,
                  9,
                  0.75,
                  "#",
                  2,
                  2,
                  false
              ],
              [
                  9,
                  0.75,
                  10,
                  0.75,
                  "#",
                  2,
                  2,
                  false
              ],
              [
                  10,
                  0.75,
                  10,
                  2.25,
                  "#",
                  2,
                  2,
                  false
              ],
              [
                  10,
                  2.25,
                  9.5,
                  3.5,
                  "#",
                  2,
                  2,
                  false
              ],
              [
                  9.5,
                  3.5,
                  8.5,
                  4,
                  "#",
                  2,
                  2,
                  false
              ],
              [
                  8.5,
                  4,
                  7,
                  4,
                  "#",
                  2,
                  2,
                  false
              ]
          ],
          "floor": 1,
          "ceil": 2,
          "floorTex": "#",
          "ceilTex": "Y"
      },
      {
          "id": "sector3",
          "walls": [
              [
                  7,
                  4,
                  8.5,
                  4,
                  "#",
                  2,
                  2,
                  false
              ],
              [
                  8.5,
                  4,
                  10,
                  4,
                  "#",
                  2,
                  2,
                  false
              ],
              [
                  10,
                  4,
                  10,
                  5,
                  "#",
                  2,
                  2,
                  false
              ],
              [
                  10,
                  5,
                  7,
                  5,
                  "#",
                  2,
                  2,
                  false
              ],
              [
                  7,
                  5,
                  7,
                  4,
                  "#",
                  2,
                  2,
                  false
              ]
          ],
          "floor": 1,
          "ceil": 2,
          "floorTex": "#",
          "ceilTex": "Y"
      },
      {
          "id": "sector4",
          "walls": [
              [
                  2,
                  4,
                  7,
                  4,
                  "#",
                  2,
                  2,
                  false
              ],
              [
                  7,
                  4,
                  8.5,
                  2.75,
                  "#",
                  2,
                  2,
                  false
              ],
              [
                  8.5,
                  2.75,
                  8.75,
                  2,
                  "#",
                  2,
                  2,
                  false
              ],
              [
                  8.75,
                  2,
                  9,
                  0.75,
                  "#",
                  2,
                  2,
                  false
              ],
              [
                  9,
                  0.75,
                  8,
                  0.75,
                  "#",
                  2,
                  2,
                  false
              ],
              [
                  8,
                  0.75,
                  7.75,
                  2,
                  "#",
                  2,
                  2,
                  false
              ],
              [
                  7.75,
                  2,
                  6.75,
                  2.75,
                  "#",
                  2,
                  2,
                  false
              ],
              [
                  6.75,
                  2.75,
                  5.75,
                  3,
                  "#",
                  2,
                  2,
                  false
              ],
              [
                  5.75,
                  3,
                  2,
                  3,
                  "#",
                  2,
                  2,
                  false
              ],
              [
                  2,
                  3,
                  2,
                  4,
                  "#",
                  2,
                  2,
                  false
              ]
          ],
          "floor": 1,
          "ceil": 2,
          "floorTex": "#",
          "ceilTex": "Y"
      },
      {
          "id": "sector5",
          "walls": [
              [
                  8.5,
                  4,
                  9.5,
                  3.5,
                  "#",
                  2,
                  2,
                  false
              ],
              [
                  9.5,
                  3.5,
                  10,
                  2.25,
                  "#",
                  2,
                  2,
                  false
              ],
              [
                  10,
                  2.25,
                  10,
                  4,
                  "#",
                  2,
                  2,
                  false
              ],
              [
                  10,
                  4,
                  8.5,
                  4,
                  "#",
                  2,
                  2,
                  false
              ]
          ],
          "floor": 1,
          "ceil": 2,
          "floorTex": "#",
          "ceilTex": "Y"
      }
  ]
}