var _testmap = {
  "fDepth": 30,
  "fPlayerX": 7.5,
  "fPlayerY": 3.2,
  "fPlayerA": 2.8,
  "fPlayerH": 0,
  "startingSector": 3,
  "sprites": {
    "1": {
      "x": 2,
      "y": 3,
      "h": 0.8,
      "r": 2.0,
      "s": "sector1",
      "name": "O"
    },
    "2": {
      "x": 6,
      "y": 4,
      "r": -0.2,
      "h": 0,
      "s": "sector3",
      "name": "P"
    },
    "4": {
      "x": 9.5,
      "y": 11.4,
      "r": 2.0,
      "h": -1.5,
      "name": "baby"
    }
  },
  "map": [
    {
      "id": false
    },
    {
      "id": "sector1",
      "walls": [
        [4, 2, 5, 4, "#", 2, 2, 2],
        [5, 4, 2, 5, "$", 2, 2, false],
        [2, 5, 0.5, 4, "Y", 2, 2, false],    
        [0.5, 4, 0.2, 0.2, "T", 10, 4, false],    
        [0.2, 0.2, 4, 2, "#", 6, 2, false]
      ],
      "floor": 0.8,
      "ceil": 2,
      "floorTex": "#",
      "ceilTex": "bg"
    },
    {
      "id": "sector2",
      "walls": [
        [4, 2, 5, 4, "#", 2, 2, 1],     
        [4, 2, 6, 1, "o", 2, 2, false],     
        [6, 1, 7, 2.1, "o",2, 2, false],     
        [7, 2.1, 5, 4,"Y", 2, 2, 3]
      ],
      "floor": 0.4,
      "ceil": 2,
      "floorTex": "Y",
      "ceilTex": "T"
    },
    {
      "id": "sector3",
      "walls": [
        [7, 2.1, 5, 4, "o", 2, 2, 2],     
        [7, 2.1 , 8, 4, "#", 2, 2, false],     
        [8, 4, 6, 6, 2, 2, "#", false],     
        [6, 6, 4.5, 5, "#", 2, 2, 4],     
        [ 4.5, 5, 5, 4, "#", 1, 2, false] 
      ],
      "floor": 0,
      "ceil": 1.5,
      "floorTex": "Y",
      "ceilTex": "#"
    },
    {
      "id": "sector4",
      "walls": [
        [6, 6, 4.5, 5, "#", 2, 2, 3], 
        [6, 6, 6, 10, "Y", 2, 2, false],
        [6, 10, 4.5, 10, "o", 2, 2, 5],     
        [4.5, 10, 4.5, 5, "o", 8, 2, false]    
      ],
      "floor": 0,
      "ceil": 1,
      "floorTex": "#",
      "ceilTex": "o"
    },
    {
      "id": "sector5",
      "walls": [
        [4.5, 10, 6, 10, "#", 2, 2, 5],     
        [4.5, 10, 4.5, 14, "Y", 2, 2, false],     
        [4.5, 14, 6, 14, "o", 2, 2, false],     
        [6, 14, 6, 10, "o", 2, 2, 6]  
      ],
      "floor": 0.2,
      "ceil": 1.5,
      "floorTex": "Y",
      "ceilTex": "U"
    },
    {
      "id": "sector6",
      "walls": [
        [6, 14, 6, 10, "#", 2, 2, 5],     
        [6, 10, 15, 11, "Y", 8, 2, false],     
        [15, 11, 15, 14, "o", 2, 2, false],     
        [15, 14, 6, 14, "o", 8, 2, false]  
      ],
      "floor": -1.5,
      "ceil": 1.2,
      "floorTex": "Y",
      "ceilTex": "#"
    }
  ]

}